---
source: ast/src/lexer.rs
expression: tokens
---
[
    Package,
    Identifier(
        "ch",
    ),
    Dot,
    Identifier(
        "emilycares",
    ),
    Semicolon,
    NewLine,
    Import,
    Identifier(
        "java",
    ),
    Dot,
    Identifier(
        "util",
    ),
    Dot,
    Star,
    Semicolon,
    NewLine,
    Public,
    Class,
    Identifier(
        "LocalVariableTable",
    ),
    LeftParenCurly,
    NewLine,
    NewLine,
    Private,
    Identifier(
        "HashSet",
    ),
    Lt,
    Identifier(
        "String",
    ),
    Gt,
    Identifier(
        "a",
    ),
    Equal,
    New,
    Identifier(
        "HashSet",
    ),
    Lt,
    Gt,
    LeftParen,
    RightParen,
    Semicolon,
    NewLine,
    NewLine,
    Public,
    Void,
    Identifier(
        "hereIsCode",
    ),
    LeftParen,
    RightParen,
    LeftParenCurly,
    NewLine,
    Identifier(
        "HashMap",
    ),
    Lt,
    Identifier(
        "Integer",
    ),
    Comma,
    Identifier(
        "String",
    ),
    Gt,
    Identifier(
        "a",
    ),
    Equal,
    New,
    Identifier(
        "HashMap",
    ),
    Lt,
    Gt,
    LeftParen,
    RightParen,
    Semicolon,
    NewLine,
    Identifier(
        "a",
    ),
    Dot,
    Identifier(
        "put",
    ),
    LeftParen,
    Number(
        1,
    ),
    Comma,
    DoubleQuote,
    DoubleQuote,
    RightParen,
    Semicolon,
    NewLine,
    RightParenCurly,
    NewLine,
    Public,
    Int,
    Identifier(
        "hereIsCode",
    ),
    LeftParen,
    Int,
    Identifier(
        "a",
    ),
    Comma,
    Int,
    Identifier(
        "b",
    ),
    RightParen,
    LeftParenCurly,
    NewLine,
    Int,
    Identifier(
        "o",
    ),
    Equal,
    Identifier(
        "a",
    ),
    Plus,
    Identifier(
        "b",
    ),
    Semicolon,
    NewLine,
    Return,
    Identifier(
        "o",
    ),
    Dash,
    Number(
        1,
    ),
    Semicolon,
    NewLine,
    RightParenCurly,
    NewLine,
    RightParenCurly,
    NewLine,
    EOF,
]
