---
source: ast/src/lexer.rs
expression: tokens
---
[
    Package,
    Identifier(
        "ch",
    ),
    Dot,
    Identifier(
        "emilycares",
    ),
    Semicolon,
    NewLine,
    NewLine,
    Import,
    Identifier(
        "java",
    ),
    Dot,
    Identifier(
        "util",
    ),
    Dot,
    Identifier(
        "Collection",
    ),
    Semicolon,
    NewLine,
    Import,
    Identifier(
        "java",
    ),
    Dot,
    Identifier(
        "util",
    ),
    Dot,
    Identifier(
        "List",
    ),
    Semicolon,
    NewLine,
    NewLine,
    Import,
    Identifier(
        "java",
    ),
    Dot,
    Identifier(
        "util",
    ),
    Dot,
    Identifier(
        "stream",
    ),
    Dot,
    Identifier(
        "Stream",
    ),
    Semicolon,
    NewLine,
    Import,
    Identifier(
        "java",
    ),
    Dot,
    Identifier(
        "util",
    ),
    Dot,
    Identifier(
        "stream",
    ),
    Dot,
    Identifier(
        "StreamSupport",
    ),
    Semicolon,
    NewLine,
    NewLine,
    Public,
    Interface,
    Identifier(
        "SuperInterface",
    ),
    Lt,
    Identifier(
        "E",
    ),
    Gt,
    Extends,
    Identifier(
        "Collection",
    ),
    Comma,
    Identifier(
        "List",
    ),
    LeftParenCurly,
    NewLine,
    Identifier(
        "default",
    ),
    Identifier(
        "Stream",
    ),
    Lt,
    Identifier(
        "E",
    ),
    Gt,
    Identifier(
        "stream",
    ),
    LeftParen,
    RightParen,
    LeftParenCurly,
    NewLine,
    Return,
    Identifier(
        "StreamSupport",
    ),
    Dot,
    Identifier(
        "stream",
    ),
    LeftParen,
    Identifier(
        "spliterator",
    ),
    LeftParen,
    RightParen,
    Comma,
    False,
    RightParen,
    Semicolon,
    NewLine,
    RightParenCurly,
    NewLine,
    RightParenCurly,
    NewLine,
    EOF,
]
