---
source: common/src/compile.rs
expression: out.1
snapshot_kind: text
---
- path: src/main/java/org/acme/GreetingResource.java
  message: "> or ',' expected"
  row: 15
  col: 45
- path: src/main/java/org/acme/GreetingResource.java
  message: "> or ',' expected"
  row: 15
  col: 45
