---
source: ast/tests/ast.rs
expression: parsed.unwrap()
snapshot_kind: text
---
(
    AstRecursiveExpression {
        range: AstRange {
            start: AstPoint {
                line: 0,
                col: 0,
            },
            end: AstPoint {
                line: 0,
                col: 6,
            },
        },
        ident: Some(
            Identifier(
                AstIdentifier {
                    range: AstRange {
                        start: AstPoint {
                            line: 0,
                            col: 0,
                        },
                        end: AstPoint {
                            line: 0,
                            col: 1,
                        },
                    },
                    value: "a",
                },
            ),
        ),
        values: None,
        next: Some(
            AstRecursiveExpression {
                range: AstRange {
                    start: AstPoint {
                        line: 0,
                        col: 2,
                    },
                    end: AstPoint {
                        line: 0,
                        col: 6,
                    },
                },
                ident: None,
                values: None,
                next: Some(
                    AstRecursiveExpression {
                        range: AstRange {
                            start: AstPoint {
                                line: 0,
                                col: 5,
                            },
                            end: AstPoint {
                                line: 0,
                                col: 6,
                            },
                        },
                        ident: Some(
                            Identifier(
                                AstIdentifier {
                                    range: AstRange {
                                        start: AstPoint {
                                            line: 0,
                                            col: 5,
                                        },
                                        end: AstPoint {
                                            line: 0,
                                            col: 6,
                                        },
                                    },
                                    value: "b",
                                },
                            ),
                        ),
                        values: None,
                        next: None,
                        operator: None,
                    },
                ),
                operator: Equal(
                    AstRange {
                        start: AstPoint {
                            line: 0,
                            col: 2,
                        },
                        end: AstPoint {
                            line: 0,
                            col: 4,
                        },
                    },
                ),
            },
        ),
        operator: None,
    },
    3,
)
