---
source: ast/tests/ast.rs
expression: parsed.unwrap()
---
(
    StringLiteral(
        AstIdentifier {
            range: AstRange {
                start: AstPoint {
                    line: 1,
                    col: 9,
                },
                end: AstPoint {
                    line: 1,
                    col: 9,
                },
            },
            value: "",
        },
    ),
    1,
)
