---
source: ast/tests/ast.rs
expression: parsed.unwrap()
---
(
    AstRecursiveExpression {
        range: AstRange {
            start: AstPoint {
                line: 0,
                col: 0,
            },
            end: AstPoint {
                line: 0,
                col: 28,
            },
        },
        ident: Some(
            Identifier(
                AstIdentifier {
                    range: AstRange {
                        start: AstPoint {
                            line: 0,
                            col: 0,
                        },
                        end: AstPoint {
                            line: 0,
                            col: 6,
                        },
                    },
                    value: "Logger",
                },
            ),
        ),
        values: None,
        operator: None,
        next: Some(
            AstRecursiveExpression {
                range: AstRange {
                    start: AstPoint {
                        line: 0,
                        col: 6,
                    },
                    end: AstPoint {
                        line: 0,
                        col: 28,
                    },
                },
                ident: None,
                values: None,
                operator: Dot(
                    AstRange {
                        start: AstPoint {
                            line: 0,
                            col: 6,
                        },
                        end: AstPoint {
                            line: 0,
                            col: 7,
                        },
                    },
                ),
                next: Some(
                    AstRecursiveExpression {
                        range: AstRange {
                            start: AstPoint {
                                line: 0,
                                col: 7,
                            },
                            end: AstPoint {
                                line: 0,
                                col: 28,
                            },
                        },
                        ident: Some(
                            Identifier(
                                AstIdentifier {
                                    range: AstRange {
                                        start: AstPoint {
                                            line: 0,
                                            col: 7,
                                        },
                                        end: AstPoint {
                                            line: 0,
                                            col: 16,
                                        },
                                    },
                                    value: "getLogger",
                                },
                            ),
                        ),
                        values: None,
                        operator: None,
                        next: Some(
                            AstRecursiveExpression {
                                range: AstRange {
                                    start: AstPoint {
                                        line: 0,
                                        col: 16,
                                    },
                                    end: AstPoint {
                                        line: 0,
                                        col: 28,
                                    },
                                },
                                ident: None,
                                values: Some(
                                    AstValues {
                                        range: AstRange {
                                            start: AstPoint {
                                                line: 0,
                                                col: 16,
                                            },
                                            end: AstPoint {
                                                line: 0,
                                                col: 28,
                                            },
                                        },
                                        values: [
                                            Recursive(
                                                AstRecursiveExpression {
                                                    range: AstRange {
                                                        start: AstPoint {
                                                            line: 0,
                                                            col: 17,
                                                        },
                                                        end: AstPoint {
                                                            line: 0,
                                                            col: 27,
                                                        },
                                                    },
                                                    ident: Some(
                                                        Identifier(
                                                            AstIdentifier {
                                                                range: AstRange {
                                                                    start: AstPoint {
                                                                        line: 0,
                                                                        col: 17,
                                                                    },
                                                                    end: AstPoint {
                                                                        line: 0,
                                                                        col: 21,
                                                                    },
                                                                },
                                                                value: "Test",
                                                            },
                                                        ),
                                                    ),
                                                    values: None,
                                                    operator: None,
                                                    next: Some(
                                                        AstRecursiveExpression {
                                                            range: AstRange {
                                                                start: AstPoint {
                                                                    line: 0,
                                                                    col: 21,
                                                                },
                                                                end: AstPoint {
                                                                    line: 0,
                                                                    col: 27,
                                                                },
                                                            },
                                                            ident: None,
                                                            values: None,
                                                            operator: Dot(
                                                                AstRange {
                                                                    start: AstPoint {
                                                                        line: 0,
                                                                        col: 21,
                                                                    },
                                                                    end: AstPoint {
                                                                        line: 0,
                                                                        col: 22,
                                                                    },
                                                                },
                                                            ),
                                                            next: Some(
                                                                AstRecursiveExpression {
                                                                    range: AstRange {
                                                                        start: AstPoint {
                                                                            line: 0,
                                                                            col: 22,
                                                                        },
                                                                        end: AstPoint {
                                                                            line: 0,
                                                                            col: 27,
                                                                        },
                                                                    },
                                                                    ident: Some(
                                                                        Identifier(
                                                                            AstIdentifier {
                                                                                range: AstRange {
                                                                                    start: AstPoint {
                                                                                        line: 0,
                                                                                        col: 22,
                                                                                    },
                                                                                    end: AstPoint {
                                                                                        line: 0,
                                                                                        col: 27,
                                                                                    },
                                                                                },
                                                                                value: "class",
                                                                            },
                                                                        ),
                                                                    ),
                                                                    values: None,
                                                                    operator: None,
                                                                    next: None,
                                                                },
                                                            ),
                                                        },
                                                    ),
                                                },
                                            ),
                                        ],
                                    },
                                ),
                                operator: None,
                                next: None,
                            },
                        ),
                    },
                ),
            },
        ),
    },
    8,
)
