---
source: ast/tests/ast.rs
expression: parsed.unwrap()
---
AstFile {
    package: AstIdentifier {
        range: AstRange {
            start: AstPoint {
                line: 0,
                col: 8,
            },
            end: AstPoint {
                line: 0,
                col: 21,
            },
        },
        value: "ch.emilycares",
    },
    imports: AstImports {
        range: AstRange {
            start: AstPoint {
                line: 2,
                col: 0,
            },
            end: AstPoint {
                line: 6,
                col: 38,
            },
        },
        imports: [
            AstImport {
                range: AstRange {
                    start: AstPoint {
                        line: 2,
                        col: 0,
                    },
                    end: AstPoint {
                        line: 2,
                        col: 28,
                    },
                },
                unit: Class(
                    AstIdentifier {
                        range: AstRange {
                            start: AstPoint {
                                line: 2,
                                col: 7,
                            },
                            end: AstPoint {
                                line: 2,
                                col: 27,
                            },
                        },
                        value: "java.util.Collection",
                    },
                ),
            },
            AstImport {
                range: AstRange {
                    start: AstPoint {
                        line: 3,
                        col: 0,
                    },
                    end: AstPoint {
                        line: 3,
                        col: 22,
                    },
                },
                unit: Class(
                    AstIdentifier {
                        range: AstRange {
                            start: AstPoint {
                                line: 3,
                                col: 7,
                            },
                            end: AstPoint {
                                line: 3,
                                col: 21,
                            },
                        },
                        value: "java.util.List",
                    },
                ),
            },
            AstImport {
                range: AstRange {
                    start: AstPoint {
                        line: 5,
                        col: 0,
                    },
                    end: AstPoint {
                        line: 5,
                        col: 31,
                    },
                },
                unit: Class(
                    AstIdentifier {
                        range: AstRange {
                            start: AstPoint {
                                line: 5,
                                col: 7,
                            },
                            end: AstPoint {
                                line: 5,
                                col: 30,
                            },
                        },
                        value: "java.util.stream.Stream",
                    },
                ),
            },
            AstImport {
                range: AstRange {
                    start: AstPoint {
                        line: 6,
                        col: 0,
                    },
                    end: AstPoint {
                        line: 6,
                        col: 38,
                    },
                },
                unit: Class(
                    AstIdentifier {
                        range: AstRange {
                            start: AstPoint {
                                line: 6,
                                col: 7,
                            },
                            end: AstPoint {
                                line: 6,
                                col: 37,
                            },
                        },
                        value: "java.util.stream.StreamSupport",
                    },
                ),
            },
        ],
    },
    thing: Interface(
        AstInterface {
            range: AstRange {
                start: AstPoint {
                    line: 8,
                    col: 17,
                },
                end: AstPoint {
                    line: 12,
                    col: 1,
                },
            },
            avaliability: Public,
            annotated: [],
            name: AstIdentifier {
                range: AstRange {
                    start: AstPoint {
                        line: 8,
                        col: 17,
                    },
                    end: AstPoint {
                        line: 8,
                        col: 31,
                    },
                },
                value: "SuperInterface",
            },
            type_parameters: Some(
                AstTypeParameters {
                    range: AstRange {
                        start: AstPoint {
                            line: 8,
                            col: 31,
                        },
                        end: AstPoint {
                            line: 8,
                            col: 34,
                        },
                    },
                    parameters: [
                        AstIdentifier {
                            range: AstRange {
                                start: AstPoint {
                                    line: 8,
                                    col: 32,
                                },
                                end: AstPoint {
                                    line: 8,
                                    col: 33,
                                },
                            },
                            value: "E",
                        },
                    ],
                },
            ),
            extends: Some(
                AstExtends {
                    range: AstRange {
                        start: AstPoint {
                            line: 8,
                            col: 35,
                        },
                        end: AstPoint {
                            line: 8,
                            col: 59,
                        },
                    },
                    parameters: [
                        AstJType {
                            range: AstRange {
                                start: AstPoint {
                                    line: 8,
                                    col: 43,
                                },
                                end: AstPoint {
                                    line: 8,
                                    col: 53,
                                },
                            },
                            value: Class(
                                AstIdentifier {
                                    range: AstRange {
                                        start: AstPoint {
                                            line: 8,
                                            col: 43,
                                        },
                                        end: AstPoint {
                                            line: 8,
                                            col: 53,
                                        },
                                    },
                                    value: "Collection",
                                },
                            ),
                        },
                        AstJType {
                            range: AstRange {
                                start: AstPoint {
                                    line: 8,
                                    col: 55,
                                },
                                end: AstPoint {
                                    line: 8,
                                    col: 59,
                                },
                            },
                            value: Class(
                                AstIdentifier {
                                    range: AstRange {
                                        start: AstPoint {
                                            line: 8,
                                            col: 55,
                                        },
                                        end: AstPoint {
                                            line: 8,
                                            col: 59,
                                        },
                                    },
                                    value: "List",
                                },
                            ),
                        },
                    ],
                },
            ),
            constants: [],
            methods: [],
            default_methods: [
                AstInterfaceMethodDefault {
                    range: AstRange {
                        start: AstPoint {
                            line: 9,
                            col: 4,
                        },
                        end: AstPoint {
                            line: 11,
                            col: 5,
                        },
                    },
                    annotated: [],
                    header: AstMethodHeader {
                        range: AstRange {
                            start: AstPoint {
                                line: 9,
                                col: 12,
                            },
                            end: AstPoint {
                                line: 9,
                                col: 30,
                            },
                        },
                        avaliability: Undefined,
                        name: AstIdentifier {
                            range: AstRange {
                                start: AstPoint {
                                    line: 9,
                                    col: 22,
                                },
                                end: AstPoint {
                                    line: 9,
                                    col: 28,
                                },
                            },
                            value: "stream",
                        },
                        jtype: AstJType {
                            range: AstRange {
                                start: AstPoint {
                                    line: 9,
                                    col: 12,
                                },
                                end: AstPoint {
                                    line: 9,
                                    col: 20,
                                },
                            },
                            value: Generic(
                                AstIdentifier {
                                    range: AstRange {
                                        start: AstPoint {
                                            line: 9,
                                            col: 12,
                                        },
                                        end: AstPoint {
                                            line: 9,
                                            col: 18,
                                        },
                                    },
                                    value: "Stream",
                                },
                                [
                                    AstJType {
                                        range: AstRange {
                                            start: AstPoint {
                                                line: 9,
                                                col: 19,
                                            },
                                            end: AstPoint {
                                                line: 9,
                                                col: 20,
                                            },
                                        },
                                        value: Class(
                                            AstIdentifier {
                                                range: AstRange {
                                                    start: AstPoint {
                                                        line: 9,
                                                        col: 19,
                                                    },
                                                    end: AstPoint {
                                                        line: 9,
                                                        col: 20,
                                                    },
                                                },
                                                value: "E",
                                            },
                                        ),
                                    },
                                ],
                            ),
                        },
                        parameters: AstMethodParamerters {
                            range: AstRange {
                                start: AstPoint {
                                    line: 9,
                                    col: 28,
                                },
                                end: AstPoint {
                                    line: 9,
                                    col: 30,
                                },
                            },
                            parameters: [],
                        },
                        throws: None,
                        type_parameters: None,
                    },
                    block: AstBlock {
                        range: AstRange {
                            start: AstPoint {
                                line: 9,
                                col: 31,
                            },
                            end: AstPoint {
                                line: 11,
                                col: 5,
                            },
                        },
                        entries: [
                            Return(
                                AstBlockReturn {
                                    range: AstRange {
                                        start: AstPoint {
                                            line: 10,
                                            col: 8,
                                        },
                                        end: AstPoint {
                                            line: 10,
                                            col: 58,
                                        },
                                    },
                                    expression: Expression(
                                        Recursive(
                                            AstRecursiveExpression {
                                                range: AstRange {
                                                    start: AstPoint {
                                                        line: 10,
                                                        col: 15,
                                                    },
                                                    end: AstPoint {
                                                        line: 10,
                                                        col: 57,
                                                    },
                                                },
                                                ident: Some(
                                                    Identifier(
                                                        AstIdentifier {
                                                            range: AstRange {
                                                                start: AstPoint {
                                                                    line: 10,
                                                                    col: 15,
                                                                },
                                                                end: AstPoint {
                                                                    line: 10,
                                                                    col: 28,
                                                                },
                                                            },
                                                            value: "StreamSupport",
                                                        },
                                                    ),
                                                ),
                                                values: None,
                                                operator: None,
                                                next: Some(
                                                    AstRecursiveExpression {
                                                        range: AstRange {
                                                            start: AstPoint {
                                                                line: 10,
                                                                col: 28,
                                                            },
                                                            end: AstPoint {
                                                                line: 10,
                                                                col: 57,
                                                            },
                                                        },
                                                        ident: None,
                                                        values: None,
                                                        operator: Dot(
                                                            AstRange {
                                                                start: AstPoint {
                                                                    line: 10,
                                                                    col: 28,
                                                                },
                                                                end: AstPoint {
                                                                    line: 10,
                                                                    col: 29,
                                                                },
                                                            },
                                                        ),
                                                        next: Some(
                                                            AstRecursiveExpression {
                                                                range: AstRange {
                                                                    start: AstPoint {
                                                                        line: 10,
                                                                        col: 29,
                                                                    },
                                                                    end: AstPoint {
                                                                        line: 10,
                                                                        col: 57,
                                                                    },
                                                                },
                                                                ident: Some(
                                                                    Identifier(
                                                                        AstIdentifier {
                                                                            range: AstRange {
                                                                                start: AstPoint {
                                                                                    line: 10,
                                                                                    col: 29,
                                                                                },
                                                                                end: AstPoint {
                                                                                    line: 10,
                                                                                    col: 35,
                                                                                },
                                                                            },
                                                                            value: "stream",
                                                                        },
                                                                    ),
                                                                ),
                                                                values: None,
                                                                operator: None,
                                                                next: Some(
                                                                    AstRecursiveExpression {
                                                                        range: AstRange {
                                                                            start: AstPoint {
                                                                                line: 10,
                                                                                col: 35,
                                                                            },
                                                                            end: AstPoint {
                                                                                line: 10,
                                                                                col: 57,
                                                                            },
                                                                        },
                                                                        ident: None,
                                                                        values: Some(
                                                                            AstValues {
                                                                                range: AstRange {
                                                                                    start: AstPoint {
                                                                                        line: 10,
                                                                                        col: 35,
                                                                                    },
                                                                                    end: AstPoint {
                                                                                        line: 10,
                                                                                        col: 57,
                                                                                    },
                                                                                },
                                                                                values: [
                                                                                    Recursive(
                                                                                        AstRecursiveExpression {
                                                                                            range: AstRange {
                                                                                                start: AstPoint {
                                                                                                    line: 10,
                                                                                                    col: 36,
                                                                                                },
                                                                                                end: AstPoint {
                                                                                                    line: 10,
                                                                                                    col: 49,
                                                                                                },
                                                                                            },
                                                                                            ident: Some(
                                                                                                Identifier(
                                                                                                    AstIdentifier {
                                                                                                        range: AstRange {
                                                                                                            start: AstPoint {
                                                                                                                line: 10,
                                                                                                                col: 36,
                                                                                                            },
                                                                                                            end: AstPoint {
                                                                                                                line: 10,
                                                                                                                col: 47,
                                                                                                            },
                                                                                                        },
                                                                                                        value: "spliterator",
                                                                                                    },
                                                                                                ),
                                                                                            ),
                                                                                            values: None,
                                                                                            operator: None,
                                                                                            next: Some(
                                                                                                AstRecursiveExpression {
                                                                                                    range: AstRange {
                                                                                                        start: AstPoint {
                                                                                                            line: 10,
                                                                                                            col: 47,
                                                                                                        },
                                                                                                        end: AstPoint {
                                                                                                            line: 10,
                                                                                                            col: 49,
                                                                                                        },
                                                                                                    },
                                                                                                    ident: None,
                                                                                                    values: Some(
                                                                                                        AstValues {
                                                                                                            range: AstRange {
                                                                                                                start: AstPoint {
                                                                                                                    line: 10,
                                                                                                                    col: 47,
                                                                                                                },
                                                                                                                end: AstPoint {
                                                                                                                    line: 10,
                                                                                                                    col: 49,
                                                                                                                },
                                                                                                            },
                                                                                                            values: [],
                                                                                                        },
                                                                                                    ),
                                                                                                    operator: None,
                                                                                                    next: None,
                                                                                                },
                                                                                            ),
                                                                                        },
                                                                                    ),
                                                                                    Recursive(
                                                                                        AstRecursiveExpression {
                                                                                            range: AstRange {
                                                                                                start: AstPoint {
                                                                                                    line: 10,
                                                                                                    col: 51,
                                                                                                },
                                                                                                end: AstPoint {
                                                                                                    line: 10,
                                                                                                    col: 56,
                                                                                                },
                                                                                            },
                                                                                            ident: Some(
                                                                                                Value(
                                                                                                    Nuget(
                                                                                                        BooleanLiteral(
                                                                                                            AstBoolean {
                                                                                                                range: AstRange {
                                                                                                                    start: AstPoint {
                                                                                                                        line: 10,
                                                                                                                        col: 51,
                                                                                                                    },
                                                                                                                    end: AstPoint {
                                                                                                                        line: 10,
                                                                                                                        col: 56,
                                                                                                                    },
                                                                                                                },
                                                                                                                value: false,
                                                                                                            },
                                                                                                        ),
                                                                                                    ),
                                                                                                ),
                                                                                            ),
                                                                                            values: None,
                                                                                            operator: None,
                                                                                            next: None,
                                                                                        },
                                                                                    ),
                                                                                ],
                                                                            },
                                                                        ),
                                                                        operator: None,
                                                                        next: None,
                                                                    },
                                                                ),
                                                            },
                                                        ),
                                                    },
                                                ),
                                            },
                                        ),
                                    ),
                                },
                            ),
                        ],
                    },
                },
            ],
        },
    ),
}
