---
source: ast/tests/ast.rs
expression: parsed.unwrap()
---
(
    AstLambda {
        range: AstRange {
            start: AstPoint {
                line: 0,
                col: 0,
            },
            end: AstPoint {
                line: 0,
                col: 17,
            },
        },
        parameters: AstLambdaParameters {
            range: AstRange {
                start: AstPoint {
                    line: 0,
                    col: 0,
                },
                end: AstPoint {
                    line: 0,
                    col: 1,
                },
            },
            values: [
                AstIdentifier {
                    range: AstRange {
                        start: AstPoint {
                            line: 0,
                            col: 0,
                        },
                        end: AstPoint {
                            line: 0,
                            col: 1,
                        },
                    },
                    value: "n",
                },
            ],
        },
        rhs: Expr(
            Recursive(
                AstRecursiveExpression {
                    range: AstRange {
                        start: AstPoint {
                            line: 0,
                            col: 5,
                        },
                        end: AstPoint {
                            line: 0,
                            col: 17,
                        },
                    },
                    ident: Some(
                        Identifier(
                            AstIdentifier {
                                range: AstRange {
                                    start: AstPoint {
                                        line: 0,
                                        col: 5,
                                    },
                                    end: AstPoint {
                                        line: 0,
                                        col: 6,
                                    },
                                },
                                value: "v",
                            },
                        ),
                    ),
                    values: None,
                    next: Some(
                        AstRecursiveExpression {
                            range: AstRange {
                                start: AstPoint {
                                    line: 0,
                                    col: 6,
                                },
                                end: AstPoint {
                                    line: 0,
                                    col: 17,
                                },
                            },
                            ident: None,
                            values: None,
                            next: Some(
                                AstRecursiveExpression {
                                    range: AstRange {
                                        start: AstPoint {
                                            line: 0,
                                            col: 7,
                                        },
                                        end: AstPoint {
                                            line: 0,
                                            col: 17,
                                        },
                                    },
                                    ident: Some(
                                        Identifier(
                                            AstIdentifier {
                                                range: AstRange {
                                                    start: AstPoint {
                                                        line: 0,
                                                        col: 7,
                                                    },
                                                    end: AstPoint {
                                                        line: 0,
                                                        col: 15,
                                                    },
                                                },
                                                value: "toString",
                                            },
                                        ),
                                    ),
                                    values: None,
                                    next: Some(
                                        AstRecursiveExpression {
                                            range: AstRange {
                                                start: AstPoint {
                                                    line: 0,
                                                    col: 15,
                                                },
                                                end: AstPoint {
                                                    line: 0,
                                                    col: 17,
                                                },
                                            },
                                            ident: None,
                                            values: Some(
                                                AstValues {
                                                    range: AstRange {
                                                        start: AstPoint {
                                                            line: 0,
                                                            col: 15,
                                                        },
                                                        end: AstPoint {
                                                            line: 0,
                                                            col: 17,
                                                        },
                                                    },
                                                    values: [],
                                                },
                                            ),
                                            next: None,
                                            operator: None,
                                        },
                                    ),
                                    operator: None,
                                },
                            ),
                            operator: Dot(
                                AstRange {
                                    start: AstPoint {
                                        line: 0,
                                        col: 6,
                                    },
                                    end: AstPoint {
                                        line: 0,
                                        col: 7,
                                    },
                                },
                            ),
                        },
                    ),
                    operator: None,
                },
            ),
        ),
    },
    8,
)
